env: load .env
env: export EXPO_PUBLIC_FIREBASE_API_KEY EXPO_PUBLIC_FIREBASE_APP_ID EXPO_PUBLIC_FIREBASE_AUTH_DOMAIN EXPO_PUBLIC_FIREBASE_MESSAGING_SENDER_ID EXPO_PUBLIC_FIREBASE_PROJECT_ID EXPO_PUBLIC_FIREBASE_STORAGE_BUCKET
Starting project at D:\web Projects\osta
No 'androidAppId' was provided. The native Google Mobile Ads SDK will crash on Android without it.
No 'iosAppId' was provided. The native Google Mobile Ads SDK will crash on iOS without it.
No 'androidAppId' was provided. The native Google Mobile Ads SDK will crash on Android without it.
No 'iosAppId' was provided. The native Google Mobile Ads SDK will crash on iOS without it.
No 'androidAppId' was provided. The native Google Mobile Ads SDK will crash on Android without it.
No 'iosAppId' was provided. The native Google Mobile Ads SDK will crash on iOS without it.
 ERROR  An unexpected error occurred while installing the latest version of React Native DevTools. Using a fallback version instead. Details:


thread 'main' panicked at src\dotslash_cache.rs:85:17:
could not find DotSlash root - specify $DOTSLASH_CACHE
note: run with `RUST_BACKTRACE=1` environment variable to display a backtrace

Starting Metro Bundler

warning: Bundler cache is empty, rebuilding (this may take a minute)
No 'androidAppId' was provided. The native Google Mobile Ads SDK will crash on Android without it.
No 'iosAppId' was provided. The native Google Mobile Ads SDK will crash on iOS without it.
No 'androidAppId' was provided. The native Google Mobile Ads SDK will crash on Android without it.
No 'iosAppId' was provided. The native Google Mobile Ads SDK will crash on iOS without it.
No 'androidAppId' was provided. The native Google Mobile Ads SDK will crash on Android without it.
No 'iosAppId' was provided. The native Google Mobile Ads SDK will crash on iOS without it.
No 'androidAppId' was provided. The native Google Mobile Ads SDK will crash on Android without it.
No 'iosAppId' was provided. The native Google Mobile Ads SDK will crash on iOS without it.
No 'androidAppId' was provided. The native Google Mobile Ads SDK will crash on Android without it.
No 'iosAppId' was provided. The native Google Mobile Ads SDK will crash on iOS without it.
Waiting on http://localhost:8081

Logs for your project will appear below.
